// Vitest Snapshot v1, https://vitest.dev/guide/snapshot.html

exports[`Home Page >  1`] = `
<div>
  <div
    class="header"
  >
    <img
      alt="LOGO"
      class="logo"
      src=""
    />
    <div
      class="navigation-bar"
    >
      <a>
        Menu
      </a>
      <a>
        Shop
      </a>
      <a>
        <img
          src="/src/assets/shoppingcart.svg"
        />
      </a>
    </div>
  </div>
  <div
    class="main"
  >
    <div
      class="content"
    >
      <h1>
        Lorem Ipsum fjdkffs fdsfds hdjkas
      </h1>
      <button>
        Menu
      </button>
    </div>
  </div>
</div>
`;

exports[`Home Page > clicks to  1`] = `
<div>
  <div
    class="header"
  >
    <img
      alt="LOGO"
      class="logo"
      src=""
    />
    <div
      class="navigation-bar"
    >
      <a>
        Menu
      </a>
      <a>
        Shop
      </a>
      <a>
        <img
          src="/src/assets/shoppingcart.svg"
        />
      </a>
    </div>
  </div>
  <div
    class="main"
  >
    <div
      class="content"
    >
      <h1>
        Lorem Ipsum fjdkffs fdsfds hdjkas
      </h1>
      <button>
        Menu
      </button>
    </div>
  </div>
</div>
`;

exports[`Home Page > clicks to shop page 1`] = `
<div>
  <div
    class="header"
  >
    <img
      alt="LOGO"
      class="logo"
      src=""
    />
    <div
      class="navigation-bar"
    >
      <a>
        Menu
      </a>
      <a>
        Shop
      </a>
      <a>
        <img
          src="/src/assets/shoppingcart.svg"
        />
      </a>
    </div>
  </div>
  <div
    class="main"
  >
    <div
      class="content"
    >
      <h1>
        Lorem Ipsum fjdkffs fdsfds hdjkas
      </h1>
      <button>
        Menu
      </button>
    </div>
  </div>
</div>
`;

exports[`Home Page > renders Home Page 1`] = `
<div>
  <div
    class="header"
  >
    <img
      alt="LOGO"
      class="logo"
      src=""
    />
    <div
      class="navigation-bar"
    >
      <a>
        Menu
      </a>
      <a>
        Shop
      </a>
      <a>
        <img
          src="/src/assets/shoppingcart.svg"
        />
      </a>
    </div>
  </div>
  <div
    class="main"
  >
    <div
      class="content"
    >
      <h1>
        Lorem Ipsum fjdkffs fdsfds hdjkas
      </h1>
      <button>
        Menu
      </button>
    </div>
  </div>
</div>
`;
